// Jest Snapshot v1, https://goo.gl/fbAQLP

exports[`Button component should render Button match snapshot 1`] = `<Styled(Button) />`;

exports[`Button component should render Button with proprety text 1`] = `
<Styled(Button)>
  botao
</Styled(Button)>
`;
