// Jest Snapshot v1, https://goo.gl/fbAQLP

exports[`Loader component should render Loader match snapshot 1`] = `
<Styled(Component)>
  <styled.div />
</Styled(Component)>
`;
